[AUTH ROUTER] GET /users
[AUTH ROUTER] GET /users
[AUTH ROUTER] GET /users
[AUTH ROUTER] GET /users
[AUTH ROUTER] GET /user/me
[AUTH ROUTER] GET /user/me
[AUTH ROUTER] GET /leaderboard
[AUTH ROUTER] GET /user/me
[AUTH ROUTER] GET /leaderboard
[AUTH ROUTER] GET /user/me
[AUTH ROUTER] GET /users
[AUTH ROUTER] GET /user/me
[AUTH ROUTER] GET /user/me
[AUTH ROUTER] GET /user/me
[AUTH ROUTER] GET /user/me
[AUTH ROUTER] GET /users
[AUTH ROUTER] GET /users
[AUTH ROUTER] GET /users
[AUTH ROUTER] GET /users
[AUTH ROUTER] GET /users
[AUTH ROUTER] GET /users
[AUTH ROUTER] GET /users
[AUTH ROUTER] GET /users
[AUTH ROUTER] GET /users
[AUTH ROUTER] GET /users
[AUTH ROUTER] GET /users
[AUTH ROUTER] GET /users
[AUTH ROUTER] GET /users
[AUTH ROUTER] GET /users
[AUTH ROUTER] GET /users
[AUTH ROUTER] GET /users
[AUTH ROUTER] GET /users
[AUTH ROUTER] GET /users
[AUTH ROUTER] GET /users
[AUTH ROUTER] GET /users
[AUTH ROUTER] GET /users
[AUTH ROUTER] GET /users
[AUTH ROUTER] GET /users
[AUTH ROUTER] GET /users
[AUTH ROUTER] GET /users
[AUTH ROUTER] GET /users
[AUTH ROUTER] GET /users
[AUTH ROUTER] GET /users
[AUTH ROUTER] GET /users
[AUTH ROUTER] GET /users
[AUTH ROUTER] GET /users
[AUTH ROUTER] GET /users
[AUTH ROUTER] GET /users
[AUTH ROUTER] GET /users
[AUTH ROUTER] GET /users
[AUTH ROUTER] GET /users
[AUTH ROUTER] GET /users
[AUTH ROUTER] GET /users
[AUTH ROUTER] GET /users
[AUTH ROUTER] GET /users
[AUTH ROUTER] GET /users
[AUTH ROUTER] GET /users
[AUTH ROUTER] GET /users
[AUTH ROUTER] GET /users
[AUTH ROUTER] GET /users
[AUTH ROUTER] GET /users
[AUTH ROUTER] GET /user/me
[AUTH ROUTER] GET /users
[AUTH ROUTER] GET /users
[AUTH ROUTER] GET /users
[AUTH ROUTER] GET /users
[AUTH ROUTER] GET /users
[AUTH ROUTER] GET /users
[AUTH ROUTER] GET /users
[AUTH ROUTER] GET /users
[AUTH ROUTER] GET /users
[AUTH ROUTER] GET /users
[AUTH ROUTER] GET /users
[AUTH ROUTER] GET /users
[AUTH ROUTER] GET /users
[AUTH ROUTER] GET /users
[AUTH ROUTER] GET /users
[AUTH ROUTER] GET /users
[AUTH ROUTER] GET /users
[AUTH ROUTER] GET /users
[AUTH ROUTER] GET /users
[AUTH ROUTER] GET /users
[AUTH ROUTER] GET /users
[AUTH ROUTER] GET /users
[AUTH ROUTER] GET /users
[AUTH ROUTER] GET /users
[AUTH ROUTER] GET /users
[AUTH ROUTER] GET /users
[AUTH ROUTER] GET /users
[AUTH ROUTER] GET /users
[AUTH ROUTER] GET /users
[AUTH ROUTER] GET /users
[AUTH ROUTER] GET /users
[AUTH ROUTER] GET /users
[AUTH ROUTER] GET /users
[AUTH ROUTER] GET /users
[AUTH ROUTER] GET /users
[AUTH ROUTER] GET /users
[AUTH ROUTER] GET /users
[AUTH ROUTER] GET /users
[AUTH ROUTER] GET /users
[AUTH ROUTER] GET /users
[AUTH ROUTER] GET /users
[AUTH ROUTER] GET /users
[AUTH ROUTER] GET /users
[AUTH ROUTER] GET /users
[AUTH ROUTER] GET /users
[AUTH ROUTER] GET /users
[AUTH ROUTER] GET /users
[AUTH ROUTER] GET /users
[AUTH ROUTER] GET /users
[AUTH ROUTER] GET /users
[AUTH ROUTER] GET /users
[AUTH ROUTER] GET /users
[AUTH ROUTER] GET /users
[AUTH ROUTER] GET /users
[AUTH ROUTER] GET /users
[AUTH ROUTER] GET /users
[AUTH ROUTER] GET /users
[AUTH ROUTER] GET /users
[AUTH ROUTER] GET /users
[AUTH ROUTER] GET /users
[AUTH ROUTER] GET /users
[AUTH ROUTER] GET /user/me
[AUTH ROUTER] GET /user/me
[AUTH ROUTER] GET /user/me
[AUTH ROUTER] GET /leaderboard
[AUTH ROUTER] GET /leaderboard
[AUTH ROUTER] GET /user/me
[AUTH ROUTER] POST /login
[AUTH ROUTER] GET /user/me
[AUTH ROUTER] GET /user/me
[AUTH ROUTER] GET /user/me
[AUTH ROUTER] GET /user/me
[AUTH ROUTER] GET /users
[AUTH ROUTER] GET /users
[AUTH ROUTER] GET /users
[AUTH ROUTER] POST /login
[AUTH ROUTER] GET /user/me
[AUTH ROUTER] GET /user/me
[AUTH ROUTER] GET /user/me
[AUTH ROUTER] GET /user/me
[AUTH ROUTER] GET /user/me
[AUTH ROUTER] GET /user/me
[AUTH ROUTER] GET /user/me
[AUTH ROUTER] GET /user/me
[AUTH ROUTER] GET /user/me
[AUTH ROUTER] GET /user/me
[AUTH ROUTER] POST /login
[AUTH ROUTER] POST /login
[AUTH ROUTER] POST /login
[AUTH ROUTER] POST /login
[AUTH ROUTER] GET /user/me
[AUTH ROUTER] GET /user/me
[AUTH ROUTER] POST /login
[AUTH ROUTER] POST /login
[AUTH ROUTER] POST /login
[AUTH ROUTER] POST /login
[AUTH ROUTER] POST /login
[AUTH ROUTER] POST /login
[AUTH ROUTER] POST /login
[AUTH ROUTER] POST /forgot-password
[AUTH ROUTER] POST /verify-otp
[AUTH ROUTER] POST /reset-password
[AUTH ROUTER] POST /login
[AUTH ROUTER] GET /user/me
[AUTH ROUTER] GET /users
[AUTH ROUTER] GET /user/me
[AUTH ROUTER] GET /users
[AUTH ROUTER] GET /user/me
[AUTH ROUTER] GET /users
[AUTH ROUTER] POST /register
