[dotenv@17.2.3] injecting env (11) from .env -- tip: ⚙️  load multiple .env files with { path: ['.env.local', '.env'] }
[dotenv@17.2.3] injecting env (0) from .env -- tip: 🔐 prevent building .env in docker: https://dotenvx.com/prebuild
Type: function
Stack: 12

Executing (default): SELECT table_name FROM information_schema.tables WHERE table_schema = 'public' AND table_name = 'Users'
Executing (default): SELECT pk.constraint_type as "Constraint",c.column_name as "Field", c.column_default as "Default",c.is_nullable as "Null", (CASE WHEN c.udt_name = 'hstore' THEN c.udt_name ELSE c.data_type END) || (CASE WHEN c.character_maximum_length IS NOT NULL THEN '(' || c.character_maximum_length || ')' ELSE '' END) as "Type", (SELECT array_agg(e.enumlabel) FROM pg_catalog.pg_type t JOIN pg_catalog.pg_enum e ON t.oid=e.enumtypid WHERE t.typname=c.udt_name) AS "special", (SELECT pgd.description FROM pg_catalog.pg_statio_all_tables AS st INNER JOIN pg_catalog.pg_description pgd on (pgd.objoid=st.relid) WHERE c.ordinal_position=pgd.objsubid AND c.table_name=st.relname) AS "Comment" FROM information_schema.columns c LEFT JOIN (SELECT tc.table_schema, tc.table_name, cu.column_name, tc.constraint_type FROM information_schema.TABLE_CONSTRAINTS tc JOIN information_schema.KEY_COLUMN_USAGE  cu ON tc.table_schema=cu.table_schema and tc.table_name=cu.table_name and tc.constraint_name=cu.constraint_name and tc.constraint_type='PRIMARY KEY') pk ON pk.table_schema=c.table_schema AND pk.table_name=c.table_name AND pk.column_name=c.column_name WHERE c.table_name = 'Users' AND c.table_schema = 'public'
Executing (default): SELECT DISTINCT tc.constraint_name as constraint_name, tc.constraint_schema as constraint_schema, tc.constraint_catalog as constraint_catalog, tc.table_name as table_name,tc.table_schema as table_schema,tc.table_catalog as table_catalog,tc.initially_deferred as initially_deferred,tc.is_deferrable as is_deferrable,kcu.column_name as column_name,ccu.table_schema  AS referenced_table_schema,ccu.table_catalog  AS referenced_table_catalog,ccu.table_name  AS referenced_table_name,ccu.column_name AS referenced_column_name FROM information_schema.table_constraints AS tc JOIN information_schema.key_column_usage AS kcu ON tc.constraint_name = kcu.constraint_name JOIN information_schema.constraint_column_usage AS ccu ON ccu.constraint_name = tc.constraint_name WHERE constraint_type = 'FOREIGN KEY' AND tc.table_name = 'Users' AND tc.table_catalog = 'neondb'
Executing (default): ALTER TABLE "Users" ALTER COLUMN "email" DROP NOT NULL;ALTER TABLE "Users" ALTER COLUMN "email" DROP DEFAULT;ALTER TABLE "Users" ALTER COLUMN "email" TYPE VARCHAR(255);
Executing (default): ALTER TABLE "Users" ALTER COLUMN "password" DROP NOT NULL;ALTER TABLE "Users" ALTER COLUMN "password" DROP DEFAULT;ALTER TABLE "Users" ALTER COLUMN "password" TYPE VARCHAR(255);
Executing (default): ALTER TABLE "Users" ALTER COLUMN "role" SET NOT NULL;ALTER TABLE "Users" ALTER COLUMN "role" DROP DEFAULT;ALTER TABLE "Users" ALTER COLUMN "role" TYPE VARCHAR(255);
Executing (default): ALTER TABLE "Users" ALTER COLUMN "createdAt" SET NOT NULL;ALTER TABLE "Users" ALTER COLUMN "createdAt" DROP DEFAULT;ALTER TABLE "Users" ALTER COLUMN "createdAt" TYPE TIMESTAMP WITH TIME ZONE;
Executing (default): ALTER TABLE "Users" ALTER COLUMN "updatedAt" SET NOT NULL;ALTER TABLE "Users" ALTER COLUMN "updatedAt" DROP DEFAULT;ALTER TABLE "Users" ALTER COLUMN "updatedAt" TYPE TIMESTAMP WITH TIME ZONE;
Executing (default): ALTER TABLE "Users" ALTER COLUMN "points" DROP NOT NULL;ALTER TABLE "Users" ALTER COLUMN "points" SET DEFAULT 0;ALTER TABLE "Users" ALTER COLUMN "points" TYPE INTEGER;
Executing (default): ALTER TABLE "Users" ALTER COLUMN "name" DROP NOT NULL;ALTER TABLE "Users" ALTER COLUMN "name" DROP DEFAULT;ALTER TABLE "Users" ALTER COLUMN "name" TYPE VARCHAR(255);
Executing (default): ALTER TABLE "Users" ALTER COLUMN "college" DROP NOT NULL;ALTER TABLE "Users" ALTER COLUMN "college" DROP DEFAULT;ALTER TABLE "Users" ALTER COLUMN "college" TYPE VARCHAR(255);
Executing (default): ALTER TABLE "Users" ALTER COLUMN "roll_number" DROP NOT NULL;ALTER TABLE "Users" ALTER COLUMN "roll_number" DROP DEFAULT;ALTER TABLE "Users" ALTER COLUMN "roll_number" TYPE VARCHAR(255);
Executing (default): ALTER TABLE "Users" ALTER COLUMN "location" DROP NOT NULL;ALTER TABLE "Users" ALTER COLUMN "location" DROP DEFAULT;ALTER TABLE "Users" ALTER COLUMN "location" TYPE VARCHAR(255);
Executing (default): ALTER TABLE "Users" ALTER COLUMN "dietary_preferences" DROP NOT NULL;ALTER TABLE "Users" ALTER COLUMN "dietary_preferences" SET DEFAULT 'Non-Veg';ALTER TABLE "Users" ALTER COLUMN "dietary_preferences" TYPE VARCHAR(255);
Executing (default): ALTER TABLE "Users" ALTER COLUMN "allergens" DROP NOT NULL;ALTER TABLE "Users" ALTER COLUMN "allergens" SET DEFAULT '[]';ALTER TABLE "Users" ALTER COLUMN "allergens" TYPE JSON;
Executing (default): ALTER TABLE "Users" ALTER COLUMN "resetPasswordToken" DROP NOT NULL;ALTER TABLE "Users" ALTER COLUMN "resetPasswordToken" DROP DEFAULT;ALTER TABLE "Users" ALTER COLUMN "resetPasswordToken" TYPE VARCHAR(255);
Executing (default): ALTER TABLE "Users" ALTER COLUMN "resetPasswordExpires" DROP NOT NULL;ALTER TABLE "Users" ALTER COLUMN "resetPasswordExpires" DROP DEFAULT;ALTER TABLE "Users" ALTER COLUMN "resetPasswordExpires" TYPE TIMESTAMP WITH TIME ZONE;
Executing (default): SELECT i.relname AS name, ix.indisprimary AS primary, ix.indisunique AS unique, ix.indkey AS indkey, array_agg(a.attnum) as column_indexes, array_agg(a.attname) AS column_names, pg_get_indexdef(ix.indexrelid) AS definition FROM pg_class t, pg_class i, pg_index ix, pg_attribute a WHERE t.oid = ix.indrelid AND i.oid = ix.indexrelid AND a.attrelid = t.oid AND t.relkind = 'r' and t.relname = 'Users' GROUP BY i.relname, ix.indexrelid, ix.indisprimary, ix.indisunique, ix.indkey ORDER BY i.relname;
Executing (default): SELECT table_name FROM information_schema.tables WHERE table_schema = 'public' AND table_name = 'Food'
Executing (default): SELECT pk.constraint_type as "Constraint",c.column_name as "Field", c.column_default as "Default",c.is_nullable as "Null", (CASE WHEN c.udt_name = 'hstore' THEN c.udt_name ELSE c.data_type END) || (CASE WHEN c.character_maximum_length IS NOT NULL THEN '(' || c.character_maximum_length || ')' ELSE '' END) as "Type", (SELECT array_agg(e.enumlabel) FROM pg_catalog.pg_type t JOIN pg_catalog.pg_enum e ON t.oid=e.enumtypid WHERE t.typname=c.udt_name) AS "special", (SELECT pgd.description FROM pg_catalog.pg_statio_all_tables AS st INNER JOIN pg_catalog.pg_description pgd on (pgd.objoid=st.relid) WHERE c.ordinal_position=pgd.objsubid AND c.table_name=st.relname) AS "Comment" FROM information_schema.columns c LEFT JOIN (SELECT tc.table_schema, tc.table_name, cu.column_name, tc.constraint_type FROM information_schema.TABLE_CONSTRAINTS tc JOIN information_schema.KEY_COLUMN_USAGE  cu ON tc.table_schema=cu.table_schema and tc.table_name=cu.table_name and tc.constraint_name=cu.constraint_name and tc.constraint_type='PRIMARY KEY') pk ON pk.table_schema=c.table_schema AND pk.table_name=c.table_name AND pk.column_name=c.column_name WHERE c.table_name = 'Food' AND c.table_schema = 'public'
Executing (default): SELECT DISTINCT tc.constraint_name as constraint_name, tc.constraint_schema as constraint_schema, tc.constraint_catalog as constraint_catalog, tc.table_name as table_name,tc.table_schema as table_schema,tc.table_catalog as table_catalog,tc.initially_deferred as initially_deferred,tc.is_deferrable as is_deferrable,kcu.column_name as column_name,ccu.table_schema  AS referenced_table_schema,ccu.table_catalog  AS referenced_table_catalog,ccu.table_name  AS referenced_table_name,ccu.column_name AS referenced_column_name FROM information_schema.table_constraints AS tc JOIN information_schema.key_column_usage AS kcu ON tc.constraint_name = kcu.constraint_name JOIN information_schema.constraint_column_usage AS ccu ON ccu.constraint_name = tc.constraint_name WHERE constraint_type = 'FOREIGN KEY' AND tc.table_name = 'Food' AND tc.table_catalog = 'neondb'
Executing (default): ALTER TABLE "Food" ALTER COLUMN "name" DROP NOT NULL;ALTER TABLE "Food" ALTER COLUMN "name" DROP DEFAULT;ALTER TABLE "Food" ALTER COLUMN "name" TYPE VARCHAR(255);
Executing (default): ALTER TABLE "Food" ALTER COLUMN "quantity" DROP NOT NULL;ALTER TABLE "Food" ALTER COLUMN "quantity" DROP DEFAULT;ALTER TABLE "Food" ALTER COLUMN "quantity" TYPE INTEGER;
Executing (default): ALTER TABLE "Food" ALTER COLUMN "expiry_time" DROP NOT NULL;ALTER TABLE "Food" ALTER COLUMN "expiry_time" DROP DEFAULT;ALTER TABLE "Food" ALTER COLUMN "expiry_time" TYPE TIMESTAMP WITH TIME ZONE;
Executing (default): ALTER TABLE "Food" ALTER COLUMN "dining_hall" DROP NOT NULL;ALTER TABLE "Food" ALTER COLUMN "dining_hall" DROP DEFAULT;ALTER TABLE "Food" ALTER COLUMN "dining_hall" TYPE VARCHAR(255);
Executing (default): ALTER TABLE "Food" ALTER COLUMN "allergens" DROP NOT NULL;ALTER TABLE "Food" ALTER COLUMN "allergens" DROP DEFAULT;ALTER TABLE "Food" ALTER COLUMN "allergens" TYPE VARCHAR(255);
Executing (default): ALTER TABLE "Food" ALTER COLUMN "createdAt" SET NOT NULL;ALTER TABLE "Food" ALTER COLUMN "createdAt" DROP DEFAULT;ALTER TABLE "Food" ALTER COLUMN "createdAt" TYPE TIMESTAMP WITH TIME ZONE;
Executing (default): ALTER TABLE "Food" ALTER COLUMN "updatedAt" SET NOT NULL;ALTER TABLE "Food" ALTER COLUMN "updatedAt" DROP DEFAULT;ALTER TABLE "Food" ALTER COLUMN "updatedAt" TYPE TIMESTAMP WITH TIME ZONE;
Executing (default): ALTER TABLE "Food" DROP CONSTRAINT "Food_donorId_fkey"
Executing (default): ALTER TABLE "Food"  ADD FOREIGN KEY ("donorId") REFERENCES "Users" ("id") ON DELETE NO ACTION ON UPDATE CASCADE;
Executing (default): ALTER TABLE "Food" ALTER COLUMN "status" DROP NOT NULL;ALTER TABLE "Food" ALTER COLUMN "status" DROP DEFAULT;ALTER TABLE "Food" ALTER COLUMN "status" TYPE VARCHAR(255);
Executing (default): ALTER TABLE "Food" ALTER COLUMN "location" DROP NOT NULL;ALTER TABLE "Food" ALTER COLUMN "location" DROP DEFAULT;ALTER TABLE "Food" ALTER COLUMN "location" TYPE VARCHAR(255);
Executing (default): ALTER TABLE "Food" ALTER COLUMN "image_url" DROP NOT NULL;ALTER TABLE "Food" ALTER COLUMN "image_url" DROP DEFAULT;ALTER TABLE "Food" ALTER COLUMN "image_url" TYPE TEXT;
Executing (default): SELECT i.relname AS name, ix.indisprimary AS primary, ix.indisunique AS unique, ix.indkey AS indkey, array_agg(a.attnum) as column_indexes, array_agg(a.attname) AS column_names, pg_get_indexdef(ix.indexrelid) AS definition FROM pg_class t, pg_class i, pg_index ix, pg_attribute a WHERE t.oid = ix.indrelid AND i.oid = ix.indexrelid AND a.attrelid = t.oid AND t.relkind = 'r' and t.relname = 'Food' GROUP BY i.relname, ix.indexrelid, ix.indisprimary, ix.indisunique, ix.indkey ORDER BY i.relname;
Executing (default): SELECT table_name FROM information_schema.tables WHERE table_schema = 'public' AND table_name = 'Reservations'
Executing (default): SELECT pk.constraint_type as "Constraint",c.column_name as "Field", c.column_default as "Default",c.is_nullable as "Null", (CASE WHEN c.udt_name = 'hstore' THEN c.udt_name ELSE c.data_type END) || (CASE WHEN c.character_maximum_length IS NOT NULL THEN '(' || c.character_maximum_length || ')' ELSE '' END) as "Type", (SELECT array_agg(e.enumlabel) FROM pg_catalog.pg_type t JOIN pg_catalog.pg_enum e ON t.oid=e.enumtypid WHERE t.typname=c.udt_name) AS "special", (SELECT pgd.description FROM pg_catalog.pg_statio_all_tables AS st INNER JOIN pg_catalog.pg_description pgd on (pgd.objoid=st.relid) WHERE c.ordinal_position=pgd.objsubid AND c.table_name=st.relname) AS "Comment" FROM information_schema.columns c LEFT JOIN (SELECT tc.table_schema, tc.table_name, cu.column_name, tc.constraint_type FROM information_schema.TABLE_CONSTRAINTS tc JOIN information_schema.KEY_COLUMN_USAGE  cu ON tc.table_schema=cu.table_schema and tc.table_name=cu.table_name and tc.constraint_name=cu.constraint_name and tc.constraint_type='PRIMARY KEY') pk ON pk.table_schema=c.table_schema AND pk.table_name=c.table_name AND pk.column_name=c.column_name WHERE c.table_name = 'Reservations' AND c.table_schema = 'public'
Executing (default): SELECT DISTINCT tc.constraint_name as constraint_name, tc.constraint_schema as constraint_schema, tc.constraint_catalog as constraint_catalog, tc.table_name as table_name,tc.table_schema as table_schema,tc.table_catalog as table_catalog,tc.initially_deferred as initially_deferred,tc.is_deferrable as is_deferrable,kcu.column_name as column_name,ccu.table_schema  AS referenced_table_schema,ccu.table_catalog  AS referenced_table_catalog,ccu.table_name  AS referenced_table_name,ccu.column_name AS referenced_column_name FROM information_schema.table_constraints AS tc JOIN information_schema.key_column_usage AS kcu ON tc.constraint_name = kcu.constraint_name JOIN information_schema.constraint_column_usage AS ccu ON ccu.constraint_name = tc.constraint_name WHERE constraint_type = 'FOREIGN KEY' AND tc.table_name = 'Reservations' AND tc.table_catalog = 'neondb'
Executing (default): ALTER TABLE "Reservations" DROP CONSTRAINT "Reservations_userId_fkey"
Executing (default): ALTER TABLE "Reservations"  ADD FOREIGN KEY ("userId") REFERENCES "Users" ("id") ON DELETE NO ACTION ON UPDATE CASCADE;
Executing (default): ALTER TABLE "Reservations" DROP CONSTRAINT "Reservations_foodId_fkey"
Executing (default): ALTER TABLE "Reservations"  ADD FOREIGN KEY ("foodId") REFERENCES "Food" ("id") ON DELETE CASCADE ON UPDATE CASCADE;
Executing (default): ALTER TABLE "Reservations" ALTER COLUMN "quantity" DROP NOT NULL;ALTER TABLE "Reservations" ALTER COLUMN "quantity" DROP DEFAULT;ALTER TABLE "Reservations" ALTER COLUMN "quantity" TYPE INTEGER;
Executing (default): ALTER TABLE "Reservations" ALTER COLUMN "reservation_code" DROP NOT NULL;ALTER TABLE "Reservations" ALTER COLUMN "reservation_code" DROP DEFAULT;ALTER TABLE "Reservations" ALTER COLUMN "reservation_code" TYPE VARCHAR(255);
Executing (default): ALTER TABLE "Reservations" ALTER COLUMN "status" DROP NOT NULL;ALTER TABLE "Reservations" ALTER COLUMN "status" DROP DEFAULT;ALTER TABLE "Reservations" ALTER COLUMN "status" TYPE VARCHAR(255);
Executing (default): ALTER TABLE "Reservations" ALTER COLUMN "createdAt" SET NOT NULL;ALTER TABLE "Reservations" ALTER COLUMN "createdAt" DROP DEFAULT;ALTER TABLE "Reservations" ALTER COLUMN "createdAt" TYPE TIMESTAMP WITH TIME ZONE;
Executing (default): ALTER TABLE "Reservations" ALTER COLUMN "updatedAt" SET NOT NULL;ALTER TABLE "Reservations" ALTER COLUMN "updatedAt" DROP DEFAULT;ALTER TABLE "Reservations" ALTER COLUMN "updatedAt" TYPE TIMESTAMP WITH TIME ZONE;
Executing (default): SELECT i.relname AS name, ix.indisprimary AS primary, ix.indisunique AS unique, ix.indkey AS indkey, array_agg(a.attnum) as column_indexes, array_agg(a.attname) AS column_names, pg_get_indexdef(ix.indexrelid) AS definition FROM pg_class t, pg_class i, pg_index ix, pg_attribute a WHERE t.oid = ix.indrelid AND i.oid = ix.indexrelid AND a.attrelid = t.oid AND t.relkind = 'r' and t.relname = 'Reservations' GROUP BY i.relname, ix.indexrelid, ix.indisprimary, ix.indisunique, ix.indkey ORDER BY i.relname;
Executing (default): SELECT table_name FROM information_schema.tables WHERE table_schema = 'public' AND table_name = 'Reviews'
Executing (default): SELECT pk.constraint_type as "Constraint",c.column_name as "Field", c.column_default as "Default",c.is_nullable as "Null", (CASE WHEN c.udt_name = 'hstore' THEN c.udt_name ELSE c.data_type END) || (CASE WHEN c.character_maximum_length IS NOT NULL THEN '(' || c.character_maximum_length || ')' ELSE '' END) as "Type", (SELECT array_agg(e.enumlabel) FROM pg_catalog.pg_type t JOIN pg_catalog.pg_enum e ON t.oid=e.enumtypid WHERE t.typname=c.udt_name) AS "special", (SELECT pgd.description FROM pg_catalog.pg_statio_all_tables AS st INNER JOIN pg_catalog.pg_description pgd on (pgd.objoid=st.relid) WHERE c.ordinal_position=pgd.objsubid AND c.table_name=st.relname) AS "Comment" FROM information_schema.columns c LEFT JOIN (SELECT tc.table_schema, tc.table_name, cu.column_name, tc.constraint_type FROM information_schema.TABLE_CONSTRAINTS tc JOIN information_schema.KEY_COLUMN_USAGE  cu ON tc.table_schema=cu.table_schema and tc.table_name=cu.table_name and tc.constraint_name=cu.constraint_name and tc.constraint_type='PRIMARY KEY') pk ON pk.table_schema=c.table_schema AND pk.table_name=c.table_name AND pk.column_name=c.column_name WHERE c.table_name = 'Reviews' AND c.table_schema = 'public'
Executing (default): SELECT DISTINCT tc.constraint_name as constraint_name, tc.constraint_schema as constraint_schema, tc.constraint_catalog as constraint_catalog, tc.table_name as table_name,tc.table_schema as table_schema,tc.table_catalog as table_catalog,tc.initially_deferred as initially_deferred,tc.is_deferrable as is_deferrable,kcu.column_name as column_name,ccu.table_schema  AS referenced_table_schema,ccu.table_catalog  AS referenced_table_catalog,ccu.table_name  AS referenced_table_name,ccu.column_name AS referenced_column_name FROM information_schema.table_constraints AS tc JOIN information_schema.key_column_usage AS kcu ON tc.constraint_name = kcu.constraint_name JOIN information_schema.constraint_column_usage AS ccu ON ccu.constraint_name = tc.constraint_name WHERE constraint_type = 'FOREIGN KEY' AND tc.table_name = 'Reviews' AND tc.table_catalog = 'neondb'
Executing (default): ALTER TABLE "Reviews" DROP CONSTRAINT "Reviews_reviewerId_fkey"
Executing (default): ALTER TABLE "Reviews" DROP CONSTRAINT "Reviews_targetId_fkey"
Executing (default): ALTER TABLE "Reviews"  ADD FOREIGN KEY ("reviewerId") REFERENCES "Users" ("id") ON DELETE NO ACTION ON UPDATE CASCADE;
Executing (default): ALTER TABLE "Reviews"  ADD FOREIGN KEY ("targetId") REFERENCES "Users" ("id") ON DELETE NO ACTION ON UPDATE CASCADE;
Executing (default): ALTER TABLE "Reviews" ALTER COLUMN "rating" DROP NOT NULL;ALTER TABLE "Reviews" ALTER COLUMN "rating" DROP DEFAULT;ALTER TABLE "Reviews" ALTER COLUMN "rating" TYPE INTEGER;
Executing (default): ALTER TABLE "Reviews" ALTER COLUMN "comment" DROP NOT NULL;ALTER TABLE "Reviews" ALTER COLUMN "comment" DROP DEFAULT;ALTER TABLE "Reviews" ALTER COLUMN "comment" TYPE TEXT;
Executing (default): ALTER TABLE "Reviews" ALTER COLUMN "createdAt" SET NOT NULL;ALTER TABLE "Reviews" ALTER COLUMN "createdAt" DROP DEFAULT;ALTER TABLE "Reviews" ALTER COLUMN "createdAt" TYPE TIMESTAMP WITH TIME ZONE;
Executing (default): ALTER TABLE "Reviews" ALTER COLUMN "updatedAt" SET NOT NULL;ALTER TABLE "Reviews" ALTER COLUMN "updatedAt" DROP DEFAULT;ALTER TABLE "Reviews" ALTER COLUMN "updatedAt" TYPE TIMESTAMP WITH TIME ZONE;
Executing (default): SELECT i.relname AS name, ix.indisprimary AS primary, ix.indisunique AS unique, ix.indkey AS indkey, array_agg(a.attnum) as column_indexes, array_agg(a.attname) AS column_names, pg_get_indexdef(ix.indexrelid) AS definition FROM pg_class t, pg_class i, pg_index ix, pg_attribute a WHERE t.oid = ix.indrelid AND i.oid = ix.indexrelid AND a.attrelid = t.oid AND t.relkind = 'r' and t.relname = 'Reviews' GROUP BY i.relname, ix.indexrelid, ix.indisprimary, ix.indisunique, ix.indkey ORDER BY i.relname;
✅ Database synced
node:events:497
      throw er; // Unhandled 'error' event
      ^

Error: listen EADDRINUSE: address already in use :::5000
    at Server.setupListenHandle [as _listen2] (node:net:1940:16)
    at listenInCluster (node:net:1997:12)
    at Server.listen (node:net:2102:7)
    at C:\ProgFiles\campus-food-frontend\backend\server.js:78:10
    at process.processTicksAndRejections (node:internal/process/task_queues:105:5)
Emitted 'error' event on Server instance at:
    at emitErrorNT (node:net:1976:8)
    at process.processTicksAndRejections (node:internal/process/task_queues:90:21) {
  code: 'EADDRINUSE',
  errno: -4091,
  syscall: 'listen',
  address: '::',
  port: 5000
}

Node.js v22.22.0
